ARM Linker, 4.1 [Build 567] [Standard]

==============================================================================

Section Cross References

    main.o(.text) refers to servomotor.o(.text) for ServoMotor_Init
    main.o(.text) refers to systick.o(.text) for delay_ms
    system_stm32f10x.o(.text) refers to system_stm32f10x.o(.data) for SystemCoreClock
    startup_stm32f10x_hd.o(RESET) refers to startup_stm32f10x_hd.o(STACK) for __initial_sp
    startup_stm32f10x_hd.o(RESET) refers to startup_stm32f10x_hd.o(.text) for Reset_Handler
    startup_stm32f10x_hd.o(RESET) refers to stm32f10x_it.o(.text) for NMI_Handler
    startup_stm32f10x_hd.o(RESET) refers to exti.o(.text) for EXTI0_IRQHandler
    startup_stm32f10x_hd.o(RESET) refers to time.o(.text) for TIM3_IRQHandler
    startup_stm32f10x_hd.o(RESET) refers to usart_232.o(.text) for USART1_IRQHandler
    startup_stm32f10x_hd.o(RESET) refers to servomotor.o(.text) for USART2_IRQHandler
    startup_stm32f10x_hd.o(RESET) refers to input.o(.text) for TIM5_IRQHandler
    startup_stm32f10x_hd.o(.text) refers to system_stm32f10x.o(.text) for SystemInit
    startup_stm32f10x_hd.o(.text) refers to entry.o(.ARM.Collect$$$$00000000) for __main
    stm32f10x_gpio.o(.text) refers to stm32f10x_rcc.o(.text) for RCC_APB2PeriphResetCmd
    stm32f10x_rcc.o(.text) refers to stm32f10x_rcc.o(.data) for APBAHBPrescTable
    stm32f10x_tim.o(.text) refers to stm32f10x_rcc.o(.text) for RCC_APB2PeriphResetCmd
    stm32f10x_spi.o(.text) refers to stm32f10x_rcc.o(.text) for RCC_APB2PeriphResetCmd
    stm32f10x_usart.o(.text) refers to stm32f10x_rcc.o(.text) for RCC_APB2PeriphResetCmd
    sys.o(.text) refers to misc.o(.text) for NVIC_PriorityGroupConfig
    stm32f10x_adc.o(.text) refers to stm32f10x_rcc.o(.text) for RCC_APB2PeriphResetCmd
    exti.o(.text) refers to stm32f10x_rcc.o(.text) for RCC_APB2PeriphClockCmd
    exti.o(.text) refers to stm32f10x_gpio.o(.text) for GPIO_Init
    exti.o(.text) refers to stm32f10x_exti.o(.text) for EXTI_Init
    exti.o(.text) refers to misc.o(.text) for NVIC_PriorityGroupConfig
    exti.o(.text) refers to systick.o(.text) for delay_ms
    time.o(.text) refers to stm32f10x_rcc.o(.text) for RCC_APB1PeriphClockCmd
    time.o(.text) refers to stm32f10x_tim.o(.text) for TIM_ClearITPendingBit
    time.o(.text) refers to misc.o(.text) for NVIC_PriorityGroupConfig
    printf.o(.text) refers to stm32f10x_usart.o(.text) for USART_SendData
    printf.o(.text) refers to stm32f10x_rcc.o(.text) for RCC_APB2PeriphClockCmd
    printf.o(.text) refers to stm32f10x_gpio.o(.text) for GPIO_Init
    printf.o(.text) refers to misc.o(.text) for NVIC_PriorityGroupConfig
    sca1000.o(.text) refers to stm32f10x_spi.o(.text) for SPI_I2S_GetFlagStatus
    sca1000.o(.text) refers to stm32f10x_rcc.o(.text) for RCC_APB2PeriphClockCmd
    sca1000.o(.text) refers to stm32f10x_gpio.o(.text) for GPIO_Init
    sca1000.o(.text) refers to systick.o(.text) for delay_ms
    sca1000.o(.text) refers to ffltui.o(.text) for __aeabi_ui2f
    sca1000.o(.text) refers to f2d.o(.text) for __aeabi_f2d
    sca1000.o(.text) refers to ddiv.o(.text) for __aeabi_ddiv
    sca1000.o(.text) refers to dadd.o(.text) for __aeabi_dsub
    sca1000.o(.text) refers to asin.o(i.asin) for asin
    sca1000.o(.text) refers to dmul.o(.text) for __aeabi_dmul
    sca1000.o(.text) refers to d2f.o(.text) for __aeabi_d2f
    sca1000.o(.text) refers to sca1000.o(.data) for SCAflag1
    iic.o(.text) refers to stm32f10x_rcc.o(.text) for RCC_APB2PeriphClockCmd
    iic.o(.text) refers to stm32f10x_gpio.o(.text) for GPIO_Init
    iic.o(.text) refers to systick.o(.text) for delay_us
    input.o(.text) refers to stm32f10x_rcc.o(.text) for RCC_APB1PeriphClockCmd
    input.o(.text) refers to stm32f10x_tim.o(.text) for TIM_ClearITPendingBit
    input.o(.text) refers to misc.o(.text) for NVIC_PriorityGroupConfig
    input.o(.text) refers to stm32f10x_gpio.o(.text) for GPIO_Init
    input.o(.text) refers to systick.o(.text) for delay_us
    input.o(.text) refers to ffltui.o(.text) for __aeabi_ui2f
    input.o(.text) refers to fdiv.o(.text) for __aeabi_fdiv
    input.o(.text) refers to f2d.o(.text) for __aeabi_f2d
    input.o(.text) refers to dmul.o(.text) for __aeabi_dmul
    input.o(.text) refers to d2f.o(.text) for __aeabi_d2f
    input.o(.text) refers to ddiv.o(.text) for __aeabi_ddiv
    input.o(.text) refers to input.o(.data) for TIM5CH1_CAPTURE_STA
    crc16.o(.text) refers to memcpya.o(.text) for __aeabi_memcpy4
    crc16.o(.text) refers to crc16.o(.constdata) for .constdata
    servomotor.o(.text) refers to stm32f10x_rcc.o(.text) for RCC_APB2PeriphClockCmd
    servomotor.o(.text) refers to stm32f10x_gpio.o(.text) for GPIO_Init
    servomotor.o(.text) refers to stm32f10x_usart.o(.text) for USART_Init
    servomotor.o(.text) refers to misc.o(.text) for NVIC_PriorityGroupConfig
    servomotor.o(.text) refers to system_stm32f10x.o(.text) for SystemInit
    servomotor.o(.text) refers to systick.o(.text) for delay_ms
[...]
    ../../microlib/fpadd.c                   0x00000000   Number         0  fadd.o ABSOLUTE
    ../../microlib/fpadd.c                   0x00000000   Number         0  dadd.o ABSOLUTE
    ../../microlib/fpdiv.c                   0x00000000   Number         0  ddiv.o ABSOLUTE
    ../../microlib/fpdiv.c                   0x00000000   Number         0  fdiv.o ABSOLUTE
    ../../microlib/fpepilogue.c              0x00000000   Number         0  depilogue.o ABSOLUTE
    ../../microlib/fpepilogue.c              0x00000000   Number         0  fepilogue.o ABSOLUTE
    ../../microlib/fpfix.c                   0x00000000   Number         0  dfixi.o ABSOLUTE
    ../../microlib/fpfix.c                   0x00000000   Number         0  ffixui.o ABSOLUTE
    ../../microlib/fpfix.c                   0x00000000   Number         0  dfixul.o ABSOLUTE
    ../../microlib/fpfix.c                   0x00000000   Number         0  ffixi.o ABSOLUTE
    ../../microlib/fpflt.c                   0x00000000   Number         0  dfltui.o ABSOLUTE
    ../../microlib/fpflt.c                   0x00000000   Number         0  dflti.o ABSOLUTE
    ../../microlib/fpflt.c                   0x00000000   Number         0  ffltl.o ABSOLUTE
    ../../microlib/fpflt.c                   0x00000000   Number         0  ffltui.o ABSOLUTE
    ../../microlib/fpflt.c                   0x00000000   Number         0  fflti.o ABSOLUTE
    ../../microlib/fpmul.c                   0x00000000   Number         0  fmul.o ABSOLUTE
    ../../microlib/fpmul.c                   0x00000000   Number         0  dmul.o ABSOLUTE
    ../../microlib/fpscalb.c                 0x00000000   Number         0  dscalb.o ABSOLUTE
    ../../microlib/fpsqrt.c                  0x00000000   Number         0  dsqrt.o ABSOLUTE
    ../../microlib/init/entry.s              0x00000000   Number         0  entry7.o ABSOLUTE
    ../../microlib/init/entry.s              0x00000000   Number         0  entry5.o ABSOLUTE
    ../../microlib/init/entry.s              0x00000000   Number         0  entry2.o ABSOLUTE
    ../../microlib/init/entry.s              0x00000000   Number         0  entry.o ABSOLUTE
    ../../microlib/longlong.c                0x00000000   Number         0  llushr.o ABSOLUTE
    ../../microlib/longlong.c                0x00000000   Number         0  llshl.o ABSOLUTE
    ../../microlib/longlong.c                0x00000000   Number         0  llsshr.o ABSOLUTE
    ../../microlib/printf/printf.c           0x00000000   Number         0  printfa.o ABSOLUTE
    ../../microlib/printf/printf.c           0x00000000   Number         0  printf1.o ABSOLUTE
    ../../microlib/printf/printf.c           0x00000000   Number         0  printf7.o ABSOLUTE
    ../../microlib/printf/printf.c           0x00000000   Number         0  printf8.o ABSOLUTE
    ../../microlib/printf/printf.c           0x00000000   Number         0  printfb.o ABSOLUTE
    ../../microlib/printf/printf.c           0x00000000   Number         0  printf0.o ABSOLUTE
    ../../microlib/printf/printf.c           0x00000000   Number         0  printf4.o ABSOLUTE
    ../../microlib/printf/printf.c           0x00000000   Number         0  printf3.o ABSOLUTE
    ../../microlib/printf/printf.c           0x00000000   Number         0  printf2.o ABSOLUTE
    ../../microlib/printf/printf.c           0x00000000   Number         0  printf5.o ABSOLUTE
    ../../microlib/printf/printf.c           0x00000000   Number         0  printf6.o ABSOLUTE
    ../../microlib/printf/stubs.s            0x00000000   Number         0  stubs.o ABSOLUTE
    ../../microlib/stdio/streams.c           0x00000000   Number         0  stdout.o ABSOLUTE
    ../../microlib/string/memcpy.c           0x00000000   Number         0  memcpyb.o ABSOLUTE
    ../../microlib/string/memcpy.c           0x00000000   Number         0  memcpya.o ABSOLUTE
    ../../microlib/stubs.s                   0x00000000   Number         0  iusefp.o ABSOLUTE
    ../../poly.c                             0x00000000   Number         0  poly.o ABSOLUTE
    ../../rred.c                             0x00000000   Number         0  rred.o ABSOLUTE
    ../../sin.c                              0x00000000   Number         0  sin_x.o ABSOLUTE
    ../../sin.c                              0x00000000   Number         0  sin.o ABSOLUTE
    ../../sin_i.c                            0x00000000   Number         0  sin_i_x.o ABSOLUTE
    ../../sin_i.c                            0x00000000   Number         0  sin_i.o ABSOLUTE
    ../../sqrt.c                             0x00000000   Number         0  sqrt.o ABSOLUTE
    ../../sqrt.c                             0x00000000   Number         0  sqrt_x.o ABSOLUTE
    Hardware\BodyMove\BodyMove.c             0x00000000   Number         0  bodymove.o ABSOLUTE
    Hardware\CAT9555\iic.c                   0x00000000   Number         0  iic.o ABSOLUTE
    Hardware\CleanArm\CleanArm.c             0x00000000   Number         0  cleanarm.o ABSOLUTE
    Hardware\ElectricPutter\ElectricPutter.c 0x00000000   Number         0  electricputter.o ABSOLUTE
    Hardware\MNspi\MNspi.c                   0x00000000   Number         0  mnspi.o ABSOLUTE
    Hardware\RBURF02\input.c                 0x00000000   Number         0  input.o ABSOLUTE
    Hardware\SCA1000\SCA1000.c               0x00000000   Number         0  sca1000.o ABSOLUTE
    Hardware\ServoMotor\CRC16.c              0x00000000   Number         0  crc16.o ABSOLUTE
    Hardware\ServoMotor\ServoMotor.c         0x00000000   Number         0  servomotor.o ABSOLUTE
    Hardware\VacuumGenerator\VacuumGenerator.c 0x00000000   Number         0  vacuumgenerator.o ABSOLUTE
    Hardware\exti\exti.c                     0x00000000   Number         0  exti.o ABSOLUTE
    Hardware\printf\printf.c                 0x00000000   Number         0  printf.o ABSOLUTE
    Hardware\sys\sys.c                       0x00000000   Number         0  sys.o ABSOLUTE
    Hardware\systick\systick.c               0x00000000   Number         0  systick.o ABSOLUTE
    Hardware\time\time.c                     0x00000000   Number         0  time.o ABSOLUTE
    Hardware\usart_232\usart_232.c           0x00000000   Number         0  usart_232.o ABSOLUTE
    Library\CMSIS\CM3\CoreSupport\core_cm3.c 0x00000000   Number         0  core_cm3.o ABSOLUTE
    Library\CMSIS\CM3\DeviceSupport\ST\STM32F10x\startup\arm\startup_stm32f10x_hd.s 0x00000000   Number         0  startup_stm32f10x_hd.o ABSOLUTE
    Library\CMSIS\CM3\DeviceSupport\ST\STM32F10x\system_stm32f10x.c 0x00000000   Number         0  system_stm32f10x.o ABSOLUTE
    Library\STM32F10x_StdPeriph_Driver\src\misc.c 0x00000000   Number         0  misc.o ABSOLUTE
    Library\STM32F10x_StdPeriph_Driver\src\stm32f10x_adc.c 0x00000000   Number         0  stm32f10x_adc.o ABSOLUTE
    Library\STM32F10x_StdPeriph_Driver\src\stm32f10x_exti.c 0x00000000   Number         0  stm32f10x_exti.o ABSOLUTE
    Library\STM32F10x_StdPeriph_Driver\src\stm32f10x_gpio.c 0x00000000   Number         0  stm32f10x_gpio.o ABSOLUTE
    Library\STM32F10x_StdPeriph_Driver\src\stm32f10x_rcc.c 0x00000000   Number         0  stm32f10x_rcc.o ABSOLUTE
    Library\STM32F10x_StdPeriph_Driver\src\stm32f10x_spi.c 0x00000000   Number         0  stm32f10x_spi.o ABSOLUTE
    Library\STM32F10x_StdPeriph_Driver\src\stm32f10x_tim.c 0x00000000   Number         0  stm32f10x_tim.o ABSOLUTE
    Library\STM32F10x_StdPeriph_Driver\src\stm32f10x_usart.c 0x00000000   Number         0  stm32f10x_usart.o ABSOLUTE
    Library\\CMSIS\\CM3\\CoreSupport\\core_cm3.c 0x00000000   Number         0  core_cm3.o ABSOLUTE
    User\main.c                              0x00000000   Number         0  main.o ABSOLUTE
    User\public.c                            0x00000000   Number         0  public.o ABSOLUTE
    User\stm32f10x_it.c                      0x00000000   Number         0  stm32f10x_it.o ABSOLUTE
    cdcmple.s                                0x00000000   Number         0  cdcmple.o ABSOLUTE
    cdrcmple.s                               0x00000000   Number         0  cdrcmple.o ABSOLUTE
    cfcmple.s                                0x00000000   Number         0  cfcmple.o ABSOLUTE
    cfrcmple.s                               0x00000000   Number         0  cfrcmple.o ABSOLUTE
    dc.s                                     0x00000000   Number         0  dc.o ABSOLUTE
    handlers.s                               0x00000000   Number         0  handlers.o ABSOLUTE
    init.s                                   0x00000000   Number         0  init.o ABSOLUTE
    RESET                                    0x08000000   Section      304  startup_stm32f10x_hd.o(RESET)
    .ARM.Collect$$$$00000000                 0x08000130   Section        0  entry.o(.ARM.Collect$$$$00000000)
    .ARM.Collect$$$$00000001                 0x08000130   Section        4  entry2.o(.ARM.Collect$$$$00000001)
    .ARM.Collect$$$$00000004                 0x08000134   Section        4  entry5.o(.ARM.Collect$$$$00000004)
    .ARM.Collect$$$$00000007                 0x08000138   Section        8  entry7.o(.ARM.Collect$$$$00000007)
    .ARM.Collect$$$$00002712                 0x08000140   Section        4  entry2.o(.ARM.Collect$$$$00002712)
    __lit__00000000                          0x08000140   Data           4  entry2.o(.ARM.Collect$$$$00002712)
    .text                                    0x08000144   Section        0  main.o(.text)
    .text                                    0x0800017c   Section        0  stm32f10x_it.o(.text)
    .text                                    0x08000198   Section        0  system_stm32f10x.o(.text)
    SetSysClockTo72                          0x08000199   Thumb Code   192  system_stm32f10x.o(.text)
    SetSysClock                              0x08000259   Thumb Code     8  system_stm32f10x.o(.text)
    .text                                    0x08000360   Section       36  startup_stm32f10x_hd.o(.text)
    .text                                    0x08000384   Section        0  stm32f10x_gpio.o(.text)
    .text                                    0x080006dc   Section        0  stm32f10x_rcc.o(.text)
    .text                                    0x08000a80   Section        0  misc.o(.text)
    .text                                    0x08000b78   Section        0  stm32f10x_exti.o(.text)
    .text                                    0x08000cb4   Section        0  stm32f10x_tim.o(.text)
    TI4_Config                               0x0800113d   Thumb Code   118  stm32f10x_tim.o(.text)
    TI3_Config                               0x080011c5   Thumb Code   114  stm32f10x_tim.o(.text)
    TI2_Config                               0x0800124d   Thumb Code   118  stm32f10x_tim.o(.text)
    TI1_Config                               0x080012d5   Thumb Code   106  stm32f10x_tim.o(.text)
    .text                                    0x08001a64   Section        0  stm32f10x_spi.o(.text)
    .text                                    0x08001d74   Section        0  stm32f10x_usart.o(.text)
    .text                                    0x08002180   Section        0  systick.o(.text)
    .text                                    0x080021ec   Section        0  exti.o(.text)
    .text                                    0x080022c4   Section        0  time.o(.text)
    .text                                    0x08002340   Section        0  printf.o(.text)
    .text                                    0x08002414   Section        0  sca1000.o(.text)
    .text                                    0x08002830   Section        0  iic.o(.text)
    .text                                    0x08002cf0   Section        0  input.o(.text)
    .text                                    0x08002f08   Section        0  crc16.o(.text)
    .text                                    0x08002f60   Section        0  servomotor.o(.text)
    .text                                    0x080036c8   Section        0  electricputter.o(.text)
    .text                                    0x08004400   Section        0  cleanarm.o(.text)
    .text                                    0x08004ce0   Section        0  bodymove.o(.text)
    .text                                    0x08007228   Section        0  mnspi.o(.text)
    .text                                    0x080075cc   Section        0  usart_232.o(.text)
    .text                                    0x0800a604   Section        0  memcpya.o(.text)
    .text                                    0x0800a628   Section        0  fadd.o(.text)
    .text                                    0x0800a6d8   Section        0  fmul.o(.text)
    .text                                    0x0800a744   Section        0  fdiv.o(.text)
    .text                                    0x0800a7c4   Section        0  dadd.o(.text)
    .text                                    0x0800a90e   Section        0  dmul.o(.text)
    .text                                    0x0800a9f0   Section        0  ddiv.o(.text)
    .text                                    0x0800aace   Section        0  fflti.o(.text)
    .text                                    0x0800aae0   Section        0  ffltui.o(.text)
    .text                                    0x0800aaea   Section        0  ffltl.o(.text)
    .text                                    0x0800ab14   Section        0  ffixi.o(.text)
    .text                                    0x0800ab46   Section        0  ffixui.o(.text)
    .text                                    0x0800ab6e   Section        0  f2d.o(.text)
    .text                                    0x0800ab9a   Section        0  d2f.o(.text)
    .text                                    0x0800abd4   Section       20  cfcmple.o(.text)
    .text                                    0x0800abe8   Section       20  cfrcmple.o(.text)
    .text                                    0x0800abfc   Section        0  uidiv.o(.text)
    .text                                    0x0800ac28   Section        0  uldiv.o(.text)
    .text                                    0x0800ac8e   Section        0  llshl.o(.text)
    .text                                    0x0800acac   Section        0  llsshr.o(.text)
    .text                                    0x0800acd0   Section        0  iusefp.o(.text)
    .text                                    0x0800acd0   Section        0  fepilogue.o(.text)
    .text                                    0x0800ad40   Section        0  depilogue.o(.text)
    .text                                    0x0800ae02   Section        0  dscalb.o(.text)
    .text                                    0x0800ae30   Section        0  dsqrt.o(.text)
    .text                                    0x0800aed0   Section        0  dfixul.o(.text)
    .text                                    0x0800af00   Section       40  cdrcmple.o(.text)
    .text                                    0x0800af28   Section       36  init.o(.text)
    .text                                    0x0800af4c   Section        0  llushr.o(.text)
    .text                                    0x0800af6c   Section        0  dflti.o(.text)
    .text                                    0x0800af8e   Section        0  dfltui.o(.text)
    .text                                    0x0800afa8   Section        0  dfixi.o(.text)
    i.__0printf                              0x0800afe8   Section        0  printfa.o(i.__0printf)
    i.__ARM_fpclassify                       0x0800b008   Section        0  fpclassify.o(i.__ARM_fpclassify)
    i.__ieee754_rem_pio2                     0x0800b030   Section        0  rred.o(i.__ieee754_rem_pio2)
    i.__kernel_cos                           0x0800b3b8   Section        0  cos_i.o(i.__kernel_cos)
    i.__kernel_poly                          0x0800b4b4   Section        0  poly.o(i.__kernel_poly)
    i.__kernel_sin                           0x0800b560   Section        0  sin_i.o(i.__kernel_sin)
    i.__mathlib_dbl_underflow                0x0800b650   Section        0  dunder.o(i.__mathlib_dbl_underflow)
    i.__scatterload_copy                     0x0800b660   Section       14  handlers.o(i.__scatterload_copy)
    i.__scatterload_null                     0x0800b66e   Section        2  handlers.o(i.__scatterload_null)
    i.__scatterload_zeroinit                 0x0800b670   Section       14  handlers.o(i.__scatterload_zeroinit)
    i.__set_errno                            0x0800b680   Section        0  errno.o(i.__set_errno)
    i._fp_digits                             0x0800b68c   Section        0  printfa.o(i._fp_digits)
    _fp_digits                               0x0800b68d   Thumb Code   318  printfa.o(i._fp_digits)
    i._printf_core                           0x0800b7e0   Section        0  printfa.o(i._printf_core)
    _printf_core                             0x0800b7e1   Thumb Code  1734  printfa.o(i._printf_core)
    i._printf_post_padding                   0x0800beb4   Section        0  printfa.o(i._printf_post_padding)
    _printf_post_padding                     0x0800beb5   Thumb Code    38  printfa.o(i._printf_post_padding)
    i._printf_pre_padding                    0x0800beda   Section        0  printfa.o(i._printf_pre_padding)
    _printf_pre_padding                      0x0800bedb   Thumb Code    46  printfa.o(i._printf_pre_padding)
    i.acos                                   0x0800bf08   Section        0  acos.o(i.acos)
    i.asin                                   0x0800c18c   Section        0  asin.o(i.asin)
    i.atan                                   0x0800c40c   Section        0  atan.o(i.atan)
    i.cos                                    0x0800c630   Section        0  cos.o(i.cos)
    i.sin                                    0x0800c6dc   Section        0  sin.o(i.sin)
    i.sqrt                                   0x0800c78c   Section        0  sqrt.o(i.sqrt)
    .constdata                               0x0800c7d8   Section      512  crc16.o(.constdata)
    .constdata                               0x0800c9d8   Section       80  acos.o(.constdata)
    pS                                       0x0800c9d8   Data          48  acos.o(.constdata)
    qS                                       0x0800ca08   Data          32  acos.o(.constdata)
    .constdata                               0x0800ca28   Section       80  asin.o(.constdata)
    pS                                       0x0800ca28   Data          48  asin.o(.constdata)
    qS                                       0x0800ca58   Data          32  asin.o(.constdata)
    .constdata                               0x0800ca78   Section      152  atan.o(.constdata)
    atanhi                                   0x0800ca78   Data          32  atan.o(.constdata)
    atanlo                                   0x0800ca98   Data          32  atan.o(.constdata)
    aTodd                                    0x0800cab8   Data          40  atan.o(.constdata)
    aTeven                                   0x0800cae0   Data          48  atan.o(.constdata)
    .constdata                               0x0800cb10   Section       48  cos_i.o(.constdata)
    C                                        0x0800cb10   Data          48  cos_i.o(.constdata)
    .constdata                               0x0800cb40   Section      200  rred.o(.constdata)
    pio2s                                    0x0800cb40   Data          48  rred.o(.constdata)
    twooverpi                                0x0800cb70   Data         152  rred.o(.constdata)
    .constdata                               0x0800cc08   Section       40  sin_i.o(.constdata)
    S                                        0x0800cc08   Data          40  sin_i.o(.constdata)
    .data                                    0x20000000   Section       20  system_stm32f10x.o(.data)
    .data                                    0x20000014   Section       20  stm32f10x_rcc.o(.data)
    APBAHBPrescTable                         0x20000014   Data          16  stm32f10x_rcc.o(.data)
    ADCPrescTable                            0x20000024   Data           4  stm32f10x_rcc.o(.data)
    .data                                    0x20000028   Section       16  sca1000.o(.data)
    .data                                    0x20000038   Section        4  input.o(.data)
    .data                                    0x2000003c   Section        3  servomotor.o(.data)
    .data                                    0x20000040   Section       44  cleanarm.o(.data)
    .data                                    0x2000006c   Section       68  usart_232.o(.data)
    fk                                       0x20000076   Data           2  usart_232.o(.data)
    bk                                       0x20000078   Data           2  usart_232.o(.data)
    ck                                       0x2000007a   Data           2  usart_232.o(.data)
    ltk                                      0x2000007c   Data           2  usart_232.o(.data)
    rtk                                      0x2000007e   Data           2  usart_232.o(.data)
    .data                                    0x200000b0   Section        4  stdout.o(.data)
    .data                                    0x200000b4   Section        4  errno.o(.data)
    _errno                                   0x200000b4   Data           4  errno.o(.data)
    .bss                                     0x200000b8   Section       64  servomotor.o(.bss)
    .bss                                     0x200000f8   Section    16128  usart_232.o(.bss)
    STACK                                    0x20003ff8   Section     1024  startup_stm32f10x_hd.o(STACK)

    Global Symbols

    Symbol Name                              Value     Ov Type        Size  Object(Section)

    BuildAttributes$$THM_ISAv4$P$D$K$B$S$PE$A:L22UL41UL21$X:L11$S22US41US21$IEEE1$IW$USESV6$~STKCKD$USESV7$~SHL$OTIME$ROPI$IEEEX$EBA8$MICROLIB$REQ8$PRES8$EABIv2 0x00000000   Number         0  anon$$obj.o ABSOLUTE
    __ARM_use_no_argv                        0x00000000   Number         0  main.o ABSOLUTE
    _printf_a                                0x00000000   Number         0  stubs.o ABSOLUTE
    _printf_c                                0x00000000   Number         0  stubs.o ABSOLUTE
    _printf_charcount                        0x00000000   Number         0  stubs.o ABSOLUTE
    _printf_d                                0x00000000   Number         0  stubs.o ABSOLUTE
    _printf_e                                0x00000000   Number         0  stubs.o ABSOLUTE
    _printf_f                                0x00000000   Number         0  stubs.o ABSOLUTE
    _printf_flags                            0x00000000   Number         0  stubs.o ABSOLUTE
    _printf_fp_dec                           0x00000000   Number         0  stubs.o ABSOLUTE
    _printf_fp_hex                           0x00000000   Number         0  stubs.o ABSOLUTE
    _printf_g                                0x00000000   Number         0  stubs.o ABSOLUTE
    _printf_i                                0x00000000   Number         0  stubs.o ABSOLUTE
    _printf_int_dec                          0x00000000   Number         0  stubs.o ABSOLUTE
    _printf_l                                0x00000000   Number         0  stubs.o ABSOLUTE
    _printf_lc                               0x00000000   Number         0  stubs.o ABSOLUTE
    _printf_ll                               0x00000000   Number         0  stubs.o ABSOLUTE
    _printf_lld                              0x00000000   Number         0  stubs.o ABSOLUTE
    _printf_lli                              0x00000000   Number         0  stubs.o ABSOLUTE
    _printf_llo                              0x00000000   Number         0  stubs.o ABSOLUTE
    _printf_llu                              0x00000000   Number         0  stubs.o ABSOLUTE
    _printf_llx                              0x00000000   Number         0  stubs.o ABSOLUTE
    _printf_longlong_dec                     0x00000000   Number         0  stubs.o ABSOLUTE
    _printf_longlong_hex                     0x00000000   Number         0  stubs.o ABSOLUTE
    _printf_longlong_oct                     0x00000000   Number         0  stubs.o ABSOLUTE
    _printf_ls                               0x00000000   Number         0  stubs.o ABSOLUTE
    _printf_mbtowc                           0x00000000   Number         0  stubs.o ABSOLUTE
    _printf_n                                0x00000000   Number         0  stubs.o ABSOLUTE
    _printf_o                                0x00000000   Number         0  stubs.o ABSOLUTE
    _printf_p                                0x00000000   Number         0  stubs.o ABSOLUTE
    _printf_percent                          0x00000000   Number         0  stubs.o ABSOLUTE
    _printf_pre_padding                      0x00000000   Number         0  stubs.o ABSOLUTE
    _printf_return_value                     0x00000000   Number         0  stubs.o ABSOLUTE
    _printf_s                                0x00000000   Number         0  stubs.o ABSOLUTE
    _printf_sizespec                         0x00000000   Number         0  stubs.o ABSOLUTE
    _printf_str                              0x00000000   Number         0  stubs.o ABSOLUTE
    _printf_truncate_signed                  0x00000000   Number         0  stubs.o ABSOLUTE
    _printf_truncate_unsigned                0x00000000   Number         0  stubs.o ABSOLUTE
    _printf_u                                0x00000000   Number         0  stubs.o ABSOLUTE
    _printf_wc                               0x00000000   Number         0  stubs.o ABSOLUTE
    _printf_wctomb                           0x00000000   Number         0  stubs.o ABSOLUTE
    _printf_widthprec                        0x00000000   Number         0  stubs.o ABSOLUTE
    _printf_x                                0x00000000   Number         0  stubs.o ABSOLUTE
    __decompress                              - Undefined Weak Reference
    __Vectors_Size                           0x00000130   Number         0  startup_stm32f10x_hd.o ABSOLUTE
    __Vectors                                0x08000000   Data           4  startup_stm32f10x_hd.o(RESET)
    __Vectors_End                            0x08000130   Data           0  startup_stm32f10x_hd.o(RESET)
    __main                                   0x08000131   Thumb Code     0  entry.o(.ARM.Collect$$$$00000000)
    _main_stk                                0x08000131   Thumb Code     0  entry2.o(.ARM.Collect$$$$00000001)
    _main_scatterload                        0x08000135   Thumb Code     0  entry5.o(.ARM.Collect$$$$00000004)
    __main_after_scatterload                 0x08000139   Thumb Code     0  entry5.o(.ARM.Collect$$$$00000004)
    _main_init                               0x08000139   Thumb Code     0  entry7.o(.ARM.Collect$$$$00000007)
    main                                     0x08000145   Thumb Code    52  main.o(.text)
    NMI_Handler                              0x0800017d   Thumb Code     2  stm32f10x_it.o(.text)
    HardFault_Handler                        0x0800017f   Thumb Code     4  stm32f10x_it.o(.text)
    MemManage_Handler                        0x08000183   Thumb Code     4  stm32f10x_it.o(.text)
    BusFault_Handler                         0x08000187   Thumb Code     4  stm32f10x_it.o(.text)
    UsageFault_Handler                       0x0800018b   Thumb Code     4  stm32f10x_it.o(.text)
    SVC_Handler                              0x0800018f   Thumb Code     2  stm32f10x_it.o(.text)
    DebugMon_Handler                         0x08000191   Thumb Code     2  stm32f10x_it.o(.text)
    PendSV_Handler                           0x08000193   Thumb Code     2  stm32f10x_it.o(.text)
    SysTick_Handler                          0x08000195   Thumb Code     2  stm32f10x_it.o(.text)
    SystemInit                               0x08000261   Thumb Code    78  system_stm32f10x.o(.text)
    SystemCoreClockUpdate                    0x080002af   Thumb Code   142  system_stm32f10x.o(.text)
    Reset_Handler                            0x08000361   Thumb Code     8  startup_stm32f10x_hd.o(.text)
    ADC1_2_IRQHandler                        0x0800037b   Thumb Code     0  startup_stm32f10x_hd.o(.text)
    ADC3_IRQHandler                          0x0800037b   Thumb Code     0  startup_stm32f10x_hd.o(.text)
    CAN1_RX1_IRQHandler                      0x0800037b   Thumb Code     0  startup_stm32f10x_hd.o(.text)
    CAN1_SCE_IRQHandler                      0x0800037b   Thumb Code     0  startup_stm32f10x_hd.o(.text)
    DMA1_Channel1_IRQHandler                 0x0800037b   Thumb Code     0  startup_stm32f10x_hd.o(.text)
    DMA1_Channel2_IRQHandler                 0x0800037b   Thumb Code     0  startup_stm32f10x_hd.o(.text)
    DMA1_Channel3_IRQHandler                 0x0800037b   Thumb Code     0  startup_stm32f10x_hd.o(.text)
    DMA1_Channel4_IRQHandler                 0x0800037b   Thumb Code     0  startup_stm32f10x_hd.o(.text)
    DMA1_Channel5_IRQHandler                 0x0800037b   Thumb Code     0  startup_stm32f10x_hd.o(.text)
    DMA1_Channel6_IRQHandler                 0x0800037b   Thumb Code     0  startup_stm32f10x_hd.o(.text)
    DMA1_Channel7_IRQHandler                 0x0800037b   Thumb Code     0  startup_stm32f10x_hd.o(.text)
    DMA2_Channel1_IRQHandler                 0x0800037b   Thumb Code     0  startup_stm32f10x_hd.o(.text)
    DMA2_Channel2_IRQHandler                 0x0800037b   Thumb Code     0  startup_stm32f10x_hd.o(.text)
    DMA2_Channel3_IRQHandler                 0x0800037b   Thumb Code     0  startup_stm32f10x_hd.o(.text)
    DMA2_Channel4_5_IRQHandler               0x0800037b   Thumb Code     0  startup_stm32f10x_hd.o(.text)
    EXTI15_10_IRQHandler                     0x0800037b   Thumb Code     0  startup_stm32f10x_hd.o(.text)
    EXTI1_IRQHandler                         0x0800037b   Thumb Code     0  startup_stm32f10x_hd.o(.text)
    EXTI2_IRQHandler                         0x0800037b   Thumb Code     0  startup_stm32f10x_hd.o(.text)
    EXTI3_IRQHandler                         0x0800037b   Thumb Code     0  startup_stm32f10x_hd.o(.text)
    EXTI4_IRQHandler                         0x0800037b   Thumb Code     0  startup_stm32f10x_hd.o(.text)
    EXTI9_5_IRQHandler                       0x0800037b   Thumb Code     0  startup_stm32f10x_hd.o(.text)
    FLASH_IRQHandler                         0x0800037b   Thumb Code     0  startup_stm32f10x_hd.o(.text)
    FSMC_IRQHandler                          0x0800037b   Thumb Code     0  startup_stm32f10x_hd.o(.text)
    I2C1_ER_IRQHandler                       0x0800037b   Thumb Code     0  startup_stm32f10x_hd.o(.text)
    I2C1_EV_IRQHandler                       0x0800037b   Thumb Code     0  startup_stm32f10x_hd.o(.text)
    I2C2_ER_IRQHandler                       0x0800037b   Thumb Code     0  startup_stm32f10x_hd.o(.text)
    I2C2_EV_IRQHandler                       0x0800037b   Thumb Code     0  startup_stm32f10x_hd.o(.text)
    PVD_IRQHandler                           0x0800037b   Thumb Code     0  startup_stm32f10x_hd.o(.text)
    RCC_IRQHandler                           0x0800037b   Thumb Code     0  startup_stm32f10x_hd.o(.text)
    RTCAlarm_IRQHandler                      0x0800037b   Thumb Code     0  startup_stm32f10x_hd.o(.text)
    RTC_IRQHandler                           0x0800037b   Thumb Code     0  startup_stm32f10x_hd.o(.text)
    SDIO_IRQHandler                          0x0800037b   Thumb Code     0  startup_stm32f10x_hd.o(.text)
    SPI1_IRQHandler                          0x0800037b   Thumb Code     0  startup_stm32f10x_hd.o(.text)
    SPI2_IRQHandler                          0x0800037b   Thumb Code     0  startup_stm32f10x_hd.o(.text)
    SPI3_IRQHandler                          0x0800037b   Thumb Code     0  startup_stm32f10x_hd.o(.text)
    TAMPER_IRQHandler                        0x0800037b   Thumb Code     0  startup_stm32f10x_hd.o(.text)
    TIM1_BRK_IRQHandler                      0x0800037b   Thumb Code     0  startup_stm32f10x_hd.o(.text)
    TIM1_CC_IRQHandler                       0x0800037b   Thumb Code     0  startup_stm32f10x_hd.o(.text)
    TIM1_TRG_COM_IRQHandler                  0x0800037b   Thumb Code     0  startup_stm32f10x_hd.o(.text)
    TIM1_UP_IRQHandler                       0x0800037b   Thumb Code     0  startup_stm32f10x_hd.o(.text)
    TIM2_IRQHandler                          0x0800037b   Thumb Code     0  startup_stm32f10x_hd.o(.text)
    TIM4_IRQHandler                          0x0800037b   Thumb Code     0  startup_stm32f10x_hd.o(.text)
    TIM6_IRQHandler                          0x0800037b   Thumb Code     0  startup_stm32f10x_hd.o(.text)
    TIM7_IRQHandler                          0x0800037b   Thumb Code     0  startup_stm32f10x_hd.o(.text)
    TIM8_BRK_IRQHandler                      0x0800037b   Thumb Code     0  startup_stm32f10x_hd.o(.text)
    TIM8_CC_IRQHandler                       0x0800037b   Thumb Code     0  startup_stm32f10x_hd.o(.text)
    TIM8_TRG_COM_IRQHandler                  0x0800037b   Thumb Code     0  startup_stm32f10x_hd.o(.text)
    TIM8_UP_IRQHandler                       0x0800037b   Thumb Code     0  startup_stm32f10x_hd.o(.text)
    UART4_IRQHandler                         0x0800037b   Thumb Code     0  startup_stm32f10x_hd.o(.text)
    UART5_IRQHandler                         0x0800037b   Thumb Code     0  startup_stm32f10x_hd.o(.text)
    USART3_IRQHandler                        0x0800037b   Thumb Code     0  startup_stm32f10x_hd.o(.text)
    USBWakeUp_IRQHandler                     0x0800037b   Thumb Code     0  startup_stm32f10x_hd.o(.text)
    USB_HP_CAN1_TX_IRQHandler                0x0800037b   Thumb Code     0  startup_stm32f10x_hd.o(.text)
    USB_LP_CAN1_RX0_IRQHandler               0x0800037b   Thumb Code     0  startup_stm32f10x_hd.o(.text)
    WWDG_IRQHandler                          0x0800037b   Thumb Code     0  startup_stm32f10x_hd.o(.text)
    GPIO_DeInit                              0x08000385   Thumb Code   172  stm32f10x_gpio.o(.text)
    GPIO_AFIODeInit                          0x08000431   Thumb Code    20  stm32f10x_gpio.o(.text)
    GPIO_Init                                0x08000445   Thumb Code   274  stm32f10x_gpio.o(.text)
    GPIO_StructInit                          0x08000557   Thumb Code    16  stm32f10x_gpio.o(.text)
    GPIO_ReadInputDataBit                    0x08000567   Thumb Code    18  stm32f10x_gpio.o(.text)
    GPIO_ReadInputData                       0x08000579   Thumb Code     8  stm32f10x_gpio.o(.text)
    GPIO_ReadOutputDataBit                   0x08000581   Thumb Code    18  stm32f10x_gpio.o(.text)
    GPIO_ReadOutputData                      0x08000593   Thumb Code     8  stm32f10x_gpio.o(.text)
    GPIO_SetBits                             0x0800059b   Thumb Code     4  stm32f10x_gpio.o(.text)
    GPIO_ResetBits                           0x0800059f   Thumb Code     4  stm32f10x_gpio.o(.text)
    GPIO_WriteBit                            0x080005a3   Thumb Code    10  stm32f10x_gpio.o(.text)
    GPIO_Write                               0x080005ad   Thumb Code     4  stm32f10x_gpio.o(.text)
    GPIO_PinLockConfig                       0x080005b1   Thumb Code    18  stm32f10x_gpio.o(.text)
    GPIO_EventOutputConfig                   0x080005c3   Thumb Code    26  stm32f10x_gpio.o(.text)
    GPIO_EventOutputCmd                      0x080005dd   Thumb Code     6  stm32f10x_gpio.o(.text)
    GPIO_PinRemapConfig                      0x080005e3   Thumb Code   138  stm32f10x_gpio.o(.text)
    GPIO_EXTILineConfig                      0x0800066d   Thumb Code    66  stm32f10x_gpio.o(.text)
    GPIO_ETH_MediaInterfaceConfig            0x080006af   Thumb Code     6  stm32f10x_gpio.o(.text)
    RCC_DeInit                               0x080006dd   Thumb Code    64  stm32f10x_rcc.o(.text)
    RCC_HSEConfig                            0x0800071d   Thumb Code    70  stm32f10x_rcc.o(.text)
    RCC_GetFlagStatus                        0x08000763   Thumb Code    56  stm32f10x_rcc.o(.text)
    RCC_WaitForHSEStartUp                    0x0800079b   Thumb Code    48  stm32f10x_rcc.o(.text)
    RCC_AdjustHSICalibrationValue            0x080007cb   Thumb Code    20  stm32f10x_rcc.o(.text)
    RCC_HSICmd                               0x080007df   Thumb Code     6  stm32f10x_rcc.o(.text)
    RCC_PLLConfig                            0x080007e5   Thumb Code    24  stm32f10x_rcc.o(.text)
    RCC_PLLCmd                               0x080007fd   Thumb Code     6  stm32f10x_rcc.o(.text)
    RCC_SYSCLKConfig                         0x08000803   Thumb Code    18  stm32f10x_rcc.o(.text)
    RCC_GetSYSCLKSource                      0x08000815   Thumb Code    10  stm32f10x_rcc.o(.text)
    RCC_HCLKConfig                           0x0800081f   Thumb Code    18  stm32f10x_rcc.o(.text)
    RCC_PCLK1Config                          0x08000831   Thumb Code    18  stm32f10x_rcc.o(.text)
    RCC_PCLK2Config                          0x08000843   Thumb Code    20  stm32f10x_rcc.o(.text)
    RCC_ITConfig                             0x08000857   Thumb Code    30  stm32f10x_rcc.o(.text)
    RCC_USBCLKConfig                         0x08000875   Thumb Code     6  stm32f10x_rcc.o(.text)
    RCC_ADCCLKConfig                         0x0800087b   Thumb Code    18  stm32f10x_rcc.o(.text)
    RCC_LSEConfig                            0x0800088d   Thumb Code    44  stm32f10x_rcc.o(.text)
    RCC_LSICmd                               0x080008b9   Thumb Code     6  stm32f10x_rcc.o(.text)
    RCC_RTCCLKConfig                         0x080008bf   Thumb Code    12  stm32f10x_rcc.o(.text)
    RCC_RTCCLKCmd                            0x080008cb   Thumb Code     6  stm32f10x_rcc.o(.text)
    RCC_GetClocksFreq                        0x080008d1   Thumb Code   192  stm32f10x_rcc.o(.text)
    RCC_AHBPeriphClockCmd                    0x08000991   Thumb Code    26  stm32f10x_rcc.o(.text)
    RCC_APB2PeriphClockCmd                   0x080009ab   Thumb Code    26  stm32f10x_rcc.o(.text)
    RCC_APB1PeriphClockCmd                   0x080009c5   Thumb Code    26  stm32f10x_rcc.o(.text)
    RCC_APB2PeriphResetCmd                   0x080009df   Thumb Code    26  stm32f10x_rcc.o(.text)
    RCC_APB1PeriphResetCmd                   0x080009f9   Thumb Code    26  stm32f10x_rcc.o(.text)
    RCC_BackupResetCmd                       0x08000a13   Thumb Code     6  stm32f10x_rcc.o(.text)
    RCC_ClockSecuritySystemCmd               0x08000a19   Thumb Code     6  stm32f10x_rcc.o(.text)
    RCC_MCOConfig                            0x08000a1f   Thumb Code     6  stm32f10x_rcc.o(.text)
    RCC_ClearFlag                            0x08000a25   Thumb Code    14  stm32f10x_rcc.o(.text)
    RCC_GetITStatus                          0x08000a33   Thumb Code    20  stm32f10x_rcc.o(.text)
    RCC_ClearITPendingBit                    0x08000a47   Thumb Code     6  stm32f10x_rcc.o(.text)
    NVIC_PriorityGroupConfig                 0x08000a81   Thumb Code    10  misc.o(.text)
    NVIC_Init                                0x08000a8b   Thumb Code   118  misc.o(.text)
    NVIC_SetVectorTable                      0x08000b01   Thumb Code    12  misc.o(.text)
    NVIC_SystemLPConfig                      0x08000b0d   Thumb Code    38  misc.o(.text)
    SysTick_CLKSourceConfig                  0x08000b33   Thumb Code    40  misc.o(.text)
    EXTI_DeInit                              0x08000b79   Thumb Code    30  stm32f10x_exti.o(.text)
    EXTI_Init                                0x08000b97   Thumb Code   160  stm32f10x_exti.o(.text)
    EXTI_StructInit                          0x08000c37   Thumb Code    16  stm32f10x_exti.o(.text)
    EXTI_GenerateSWInterrupt                 0x08000c47   Thumb Code    16  stm32f10x_exti.o(.text)
    EXTI_GetFlagStatus                       0x08000c57   Thumb Code    20  stm32f10x_exti.o(.text)
    EXTI_ClearFlag                           0x08000c6b   Thumb Code     6  stm32f10x_exti.o(.text)
    EXTI_GetITStatus                         0x08000c71   Thumb Code    34  stm32f10x_exti.o(.text)
    EXTI_ClearITPendingBit                   0x08000c93   Thumb Code     6  stm32f10x_exti.o(.text)
    TIM_DeInit                               0x08000cb5   Thumb Code   424  stm32f10x_tim.o(.text)
    TIM_TimeBaseInit                         0x08000e5d   Thumb Code   122  stm32f10x_tim.o(.text)
    TIM_OC1Init                              0x08000ed7   Thumb Code   132  stm32f10x_tim.o(.text)
    TIM_OC2Init                              0x08000f5b   Thumb Code   146  stm32f10x_tim.o(.text)
    TIM_OC3Init                              0x08000fed   Thumb Code   142  stm32f10x_tim.o(.text)
    TIM_OC4Init                              0x0800107b   Thumb Code   172  stm32f10x_tim.o(.text)
    TIM_SetIC4Prescaler                      0x08001127   Thumb Code    22  stm32f10x_tim.o(.text)
    TIM_SetIC3Prescaler                      0x080011b3   Thumb Code    18  stm32f10x_tim.o(.text)
    TIM_SetIC2Prescaler                      0x08001237   Thumb Code    22  stm32f10x_tim.o(.text)
    TIM_SetIC1Prescaler                      0x080012c3   Thumb Code    18  stm32f10x_tim.o(.text)
    TIM_ICInit                               0x0800133f   Thumb Code   150  stm32f10x_tim.o(.text)
    TIM_PWMIConfig                           0x080013d5   Thumb Code   124  stm32f10x_tim.o(.text)
    TIM_BDTRConfig                           0x08001451   Thumb Code    32  stm32f10x_tim.o(.text)
    TIM_TimeBaseStructInit                   0x08001471   Thumb Code    18  stm32f10x_tim.o(.text)
    TIM_OCStructInit                         0x08001483   Thumb Code    20  stm32f10x_tim.o(.text)
    TIM_ICStructInit                         0x08001497   Thumb Code    18  stm32f10x_tim.o(.text)
    TIM_BDTRStructInit                       0x080014a9   Thumb Code    18  stm32f10x_tim.o(.text)
    TIM_Cmd                                  0x080014bb   Thumb Code    24  stm32f10x_tim.o(.text)
    TIM_CtrlPWMOutputs                       0x080014d3   Thumb Code    52  stm32f10x_tim.o(.text)
    TIM_ITConfig                             0x08001507   Thumb Code    24  stm32f10x_tim.o(.text)
    TIM_GenerateEvent                        0x0800151f   Thumb Code     4  stm32f10x_tim.o(.text)
    TIM_DMAConfig                            0x08001523   Thumb Code    10  stm32f10x_tim.o(.text)
    TIM_DMACmd                               0x0800152d   Thumb Code    24  stm32f10x_tim.o(.text)
    TIM_InternalClockConfig                  0x08001545   Thumb Code    12  stm32f10x_tim.o(.text)
    TIM_SelectInputTrigger                   0x08001551   Thumb Code    18  stm32f10x_tim.o(.text)
    TIM_ITRxExternalClockConfig              0x08001563   Thumb Code    24  stm32f10x_tim.o(.text)
    TIM_TIxExternalClockConfig               0x0800157b   Thumb Code    62  stm32f10x_tim.o(.text)
    TIM_ETRConfig                            0x080015b9   Thumb Code    24  stm32f10x_tim.o(.text)
    TIM_ETRClockMode1Config                  0x080015d1   Thumb Code    54  stm32f10x_tim.o(.text)
    TIM_ETRClockMode2Config                  0x08001607   Thumb Code    32  stm32f10x_tim.o(.text)
    TIM_PrescalerConfig                      0x08001627   Thumb Code     6  stm32f10x_tim.o(.text)
    TIM_CounterModeConfig                    0x0800162d   Thumb Code    18  stm32f10x_tim.o(.text)
    TIM_EncoderInterfaceConfig               0x0800163f   Thumb Code    62  stm32f10x_tim.o(.text)
    TIM_ForcedOC1Config                      0x0800167d   Thumb Code    18  stm32f10x_tim.o(.text)
    TIM_ForcedOC2Config                      0x0800168f   Thumb Code    22  stm32f10x_tim.o(.text)
    TIM_ForcedOC3Config                      0x080016a5   Thumb Code    18  stm32f10x_tim.o(.text)
    TIM_ForcedOC4Config                      0x080016b7   Thumb Code    22  stm32f10x_tim.o(.text)
    TIM_ARRPreloadConfig                     0x080016cd   Thumb Code    24  stm32f10x_tim.o(.text)
    TIM_SelectCOM                            0x080016e5   Thumb Code    24  stm32f10x_tim.o(.text)
    TIM_SelectCCDMA                          0x080016fd   Thumb Code    24  stm32f10x_tim.o(.text)
    TIM_CCPreloadControl                     0x08001715   Thumb Code    24  stm32f10x_tim.o(.text)
    TIM_OC1PreloadConfig                     0x0800172d   Thumb Code    18  stm32f10x_tim.o(.text)
    TIM_OC2PreloadConfig                     0x0800173f   Thumb Code    22  stm32f10x_tim.o(.text)
    TIM_OC3PreloadConfig                     0x08001755   Thumb Code    18  stm32f10x_tim.o(.text)
    TIM_OC4PreloadConfig                     0x08001767   Thumb Code    22  stm32f10x_tim.o(.text)
    TIM_OC1FastConfig                        0x0800177d   Thumb Code    18  stm32f10x_tim.o(.text)
    TIM_OC2FastConfig                        0x0800178f   Thumb Code    22  stm32f10x_tim.o(.text)
    TIM_OC3FastConfig                        0x080017a5   Thumb Code    18  stm32f10x_tim.o(.text)
    TIM_OC4FastConfig                        0x080017b7   Thumb Code    22  stm32f10x_tim.o(.text)
    TIM_ClearOC1Ref                          0x080017cd   Thumb Code    18  stm32f10x_tim.o(.text)
    TIM_ClearOC2Ref                          0x080017df   Thumb Code    20  stm32f10x_tim.o(.text)
    TIM_ClearOC3Ref                          0x080017f3   Thumb Code    18  stm32f10x_tim.o(.text)
    TIM_ClearOC4Ref                          0x08001805   Thumb Code    20  stm32f10x_tim.o(.text)
    TIM_OC1PolarityConfig                    0x08001819   Thumb Code    18  stm32f10x_tim.o(.text)
    TIM_OC1NPolarityConfig                   0x0800182b   Thumb Code    18  stm32f10x_tim.o(.text)
    TIM_OC2PolarityConfig                    0x0800183d   Thumb Code    22  stm32f10x_tim.o(.text)
    TIM_OC2NPolarityConfig                   0x08001853   Thumb Code    22  stm32f10x_tim.o(.text)
    TIM_OC3PolarityConfig                    0x08001869   Thumb Code    22  stm32f10x_tim.o(.text)
    TIM_OC3NPolarityConfig                   0x0800187f   Thumb Code    22  stm32f10x_tim.o(.text)
    TIM_OC4PolarityConfig                    0x08001895   Thumb Code    22  stm32f10x_tim.o(.text)
    TIM_CCxCmd                               0x080018ab   Thumb Code    34  stm32f10x_tim.o(.text)
    TIM_CCxNCmd                              0x080018cd   Thumb Code    34  stm32f10x_tim.o(.text)
    TIM_SelectOCxM                           0x080018ef   Thumb Code    82  stm32f10x_tim.o(.text)
    TIM_UpdateDisableConfig                  0x08001941   Thumb Code    24  stm32f10x_tim.o(.text)
    TIM_UpdateRequestConfig                  0x08001959   Thumb Code    24  stm32f10x_tim.o(.text)
    TIM_SelectHallSensor                     0x08001971   Thumb Code    24  stm32f10x_tim.o(.text)
    TIM_SelectOnePulseMode                   0x08001989   Thumb Code    18  stm32f10x_tim.o(.text)
    TIM_SelectOutputTrigger                  0x0800199b   Thumb Code    18  stm32f10x_tim.o(.text)
    TIM_SelectSlaveMode                      0x080019ad   Thumb Code    18  stm32f10x_tim.o(.text)
    TIM_SelectMasterSlaveMode                0x080019bf   Thumb Code    18  stm32f10x_tim.o(.text)
    TIM_SetCounter                           0x080019d1   Thumb Code     4  stm32f10x_tim.o(.text)
    TIM_SetAutoreload                        0x080019d5   Thumb Code     4  stm32f10x_tim.o(.text)
    TIM_SetCompare1                          0x080019d9   Thumb Code     4  stm32f10x_tim.o(.text)
    TIM_SetCompare2                          0x080019dd   Thumb Code     4  stm32f10x_tim.o(.text)
    TIM_SetCompare3                          0x080019e1   Thumb Code     4  stm32f10x_tim.o(.text)
    TIM_SetCompare4                          0x080019e5   Thumb Code     6  stm32f10x_tim.o(.text)
    TIM_SetClockDivision                     0x080019eb   Thumb Code    18  stm32f10x_tim.o(.text)
    TIM_GetCapture1                          0x080019fd   Thumb Code     6  stm32f10x_tim.o(.text)
    TIM_GetCapture2                          0x08001a03   Thumb Code     6  stm32f10x_tim.o(.text)
    TIM_GetCapture3                          0x08001a09   Thumb Code     6  stm32f10x_tim.o(.text)
    TIM_GetCapture4                          0x08001a0f   Thumb Code     8  stm32f10x_tim.o(.text)
    TIM_GetCounter                           0x08001a17   Thumb Code     6  stm32f10x_tim.o(.text)
    TIM_GetPrescaler                         0x08001a1d   Thumb Code     6  stm32f10x_tim.o(.text)
    TIM_GetFlagStatus                        0x08001a23   Thumb Code    18  stm32f10x_tim.o(.text)
    TIM_ClearFlag                            0x08001a35   Thumb Code     6  stm32f10x_tim.o(.text)
    TIM_GetITStatus                          0x08001a3b   Thumb Code    34  stm32f10x_tim.o(.text)
    TIM_ClearITPendingBit                    0x08001a5d   Thumb Code     6  stm32f10x_tim.o(.text)
    SPI_I2S_DeInit                           0x08001a65   Thumb Code    76  stm32f10x_spi.o(.text)
    SPI_Init                                 0x08001ab1   Thumb Code    60  stm32f10x_spi.o(.text)
    I2S_Init                                 0x08001aed   Thumb Code   222  stm32f10x_spi.o(.text)
    SPI_StructInit                           0x08001bcb   Thumb Code    24  stm32f10x_spi.o(.text)
    I2S_StructInit                           0x08001be3   Thumb Code    20  stm32f10x_spi.o(.text)
    SPI_Cmd                                  0x08001bf7   Thumb Code    24  stm32f10x_spi.o(.text)
    I2S_Cmd                                  0x08001c0f   Thumb Code    24  stm32f10x_spi.o(.text)
    SPI_I2S_ITConfig                         0x08001c27   Thumb Code    36  stm32f10x_spi.o(.text)
    SPI_I2S_DMACmd                           0x08001c4b   Thumb Code    24  stm32f10x_spi.o(.text)
    SPI_I2S_SendData                         0x08001c63   Thumb Code     4  stm32f10x_spi.o(.text)
    SPI_I2S_ReceiveData                      0x08001c67   Thumb Code     6  stm32f10x_spi.o(.text)
    SPI_NSSInternalSoftwareConfig            0x08001c6d   Thumb Code    30  stm32f10x_spi.o(.text)
    SPI_SSOutputCmd                          0x08001c8b   Thumb Code    24  stm32f10x_spi.o(.text)
    SPI_DataSizeConfig                       0x08001ca3   Thumb Code    18  stm32f10x_spi.o(.text)
    SPI_TransmitCRC                          0x08001cb5   Thumb Code    10  stm32f10x_spi.o(.text)
    SPI_CalculateCRC                         0x08001cbf   Thumb Code    24  stm32f10x_spi.o(.text)
    SPI_GetCRC                               0x08001cd7   Thumb Code    16  stm32f10x_spi.o(.text)
    SPI_GetCRCPolynomial                     0x08001ce7   Thumb Code     6  stm32f10x_spi.o(.text)
    SPI_BiDirectionalLineConfig              0x08001ced   Thumb Code    28  stm32f10x_spi.o(.text)
    SPI_I2S_GetFlagStatus                    0x08001d09   Thumb Code    18  stm32f10x_spi.o(.text)
    SPI_I2S_ClearFlag                        0x08001d1b   Thumb Code     6  stm32f10x_spi.o(.text)
    SPI_I2S_GetITStatus                      0x08001d21   Thumb Code    52  stm32f10x_spi.o(.text)
    SPI_I2S_ClearITPendingBit                0x08001d55   Thumb Code    20  stm32f10x_spi.o(.text)
    USART_DeInit                             0x08001d75   Thumb Code   134  stm32f10x_usart.o(.text)
    USART_Init                               0x08001dfb   Thumb Code   210  stm32f10x_usart.o(.text)
    USART_StructInit                         0x08001ecd   Thumb Code    24  stm32f10x_usart.o(.text)
    USART_ClockInit                          0x08001ee5   Thumb Code    34  stm32f10x_usart.o(.text)
    USART_ClockStructInit                    0x08001f07   Thumb Code    12  stm32f10x_usart.o(.text)
    USART_Cmd                                0x08001f13   Thumb Code    24  stm32f10x_usart.o(.text)
    USART_ITConfig                           0x08001f2b   Thumb Code    74  stm32f10x_usart.o(.text)
    USART_DMACmd                             0x08001f75   Thumb Code    24  stm32f10x_usart.o(.text)
    USART_SetAddress                         0x08001f8d   Thumb Code    18  stm32f10x_usart.o(.text)
    USART_WakeUpConfig                       0x08001f9f   Thumb Code    18  stm32f10x_usart.o(.text)
    USART_ReceiverWakeUpCmd                  0x08001fb1   Thumb Code    24  stm32f10x_usart.o(.text)
    USART_LINBreakDetectLengthConfig         0x08001fc9   Thumb Code    18  stm32f10x_usart.o(.text)
    USART_LINCmd                             0x08001fdb   Thumb Code    24  stm32f10x_usart.o(.text)
    USART_SendData                           0x08001ff3   Thumb Code     8  stm32f10x_usart.o(.text)
    USART_ReceiveData                        0x08001ffb   Thumb Code    10  stm32f10x_usart.o(.text)
    USART_SendBreak                          0x08002005   Thumb Code    10  stm32f10x_usart.o(.text)
    USART_SetGuardTime                       0x0800200f   Thumb Code    16  stm32f10x_usart.o(.text)
    USART_SetPrescaler                       0x0800201f   Thumb Code    16  stm32f10x_usart.o(.text)
    USART_SmartCardCmd                       0x0800202f   Thumb Code    24  stm32f10x_usart.o(.text)
    USART_SmartCardNACKCmd                   0x08002047   Thumb Code    24  stm32f10x_usart.o(.text)
    USART_HalfDuplexCmd                      0x0800205f   Thumb Code    24  stm32f10x_usart.o(.text)
    USART_OverSampling8Cmd                   0x08002077   Thumb Code    22  stm32f10x_usart.o(.text)
    USART_OneBitMethodCmd                    0x0800208d   Thumb Code    24  stm32f10x_usart.o(.text)
    USART_IrDAConfig                         0x080020a5   Thumb Code    18  stm32f10x_usart.o(.text)
    USART_IrDACmd                            0x080020b7   Thumb Code    24  stm32f10x_usart.o(.text)
    USART_GetFlagStatus                      0x080020cf   Thumb Code    26  stm32f10x_usart.o(.text)
    USART_ClearFlag                          0x080020e9   Thumb Code    18  stm32f10x_usart.o(.text)
    USART_GetITStatus                        0x080020fb   Thumb Code    84  stm32f10x_usart.o(.text)
    USART_ClearITPendingBit                  0x0800214f   Thumb Code    50  stm32f10x_usart.o(.text)
    delay_us                                 0x08002181   Thumb Code    52  systick.o(.text)
    delay_ms                                 0x080021b5   Thumb Code    54  systick.o(.text)
    exti_init                                0x080021ed   Thumb Code   118  exti.o(.text)
    EXTI0_IRQHandler                         0x08002263   Thumb Code    88  exti.o(.text)
    time_init                                0x080022c5   Thumb Code   108  time.o(.text)
    TIM3_IRQHandler                          0x08002331   Thumb Code    12  time.o(.text)
    fputc                                    0x08002341   Thumb Code    32  printf.o(.text)
    printf_init                              0x08002361   Thumb Code   170  printf.o(.text)
    SPI2_WriteReadData                       0x08002415   Thumb Code    78  sca1000.o(.text)
    SPI2_Init                                0x08002463   Thumb Code   128  sca1000.o(.text)
    SCA1000_Init                             0x080024e3   Thumb Code    66  sca1000.o(.text)
    SCA1000_ReadAXData                       0x08002525   Thumb Code   718  sca1000.o(.text)
    I2C2_INIT                                0x08002831   Thumb Code    60  iic.o(.text)
    I2C2_SDA_OUT                             0x0800286d   Thumb Code    32  iic.o(.text)
    I2C2_SDA_IN                              0x0800288d   Thumb Code    26  iic.o(.text)
    I2C2_Start                               0x080028a7   Thumb Code    60  iic.o(.text)
    I2C2_Stop                                0x080028e3   Thumb Code    60  iic.o(.text)
    I2C2_Ack                                 0x0800291f   Thumb Code    60  iic.o(.text)
    I2C2_NAck                                0x0800295b   Thumb Code    60  iic.o(.text)
    I2C2_Wait_Ack                            0x08002997   Thumb Code    86  iic.o(.text)
    I2C2_Send_Byte                           0x080029ed   Thumb Code   100  iic.o(.text)
    I2C2_Read_Byte                           0x08002a51   Thumb Code    92  iic.o(.text)
    I2C1_INIT                                0x08002aad   Thumb Code    54  iic.o(.text)
    I2C1_SDA_OUT                             0x08002ae3   Thumb Code    30  iic.o(.text)
    I2C1_SDA_IN                              0x08002b01   Thumb Code    24  iic.o(.text)
    I2C1_Start                               0x08002b19   Thumb Code    52  iic.o(.text)
    I2C1_Stop                                0x08002b4d   Thumb Code    52  iic.o(.text)
    I2C1_Ack                                 0x08002b81   Thumb Code    52  iic.o(.text)
    I2C1_NAck                                0x08002bb5   Thumb Code    52  iic.o(.text)
    I2C1_Wait_Ack                            0x08002be9   Thumb Code    84  iic.o(.text)
    I2C1_Send_Byte                           0x08002c3d   Thumb Code    90  iic.o(.text)
    I2C1_Read_Byte                           0x08002c97   Thumb Code    86  iic.o(.text)
    input_init                               0x08002cf1   Thumb Code   144  input.o(.text)
    RBURF02_init                             0x08002d81   Thumb Code    40  input.o(.text)
    RBURF02_distance                         0x08002da9   Thumb Code   152  input.o(.text)
    TIM5_IRQHandler                          0x08002e41   Thumb Code   176  input.o(.text)
    Get_CRC16                                0x08002f09   Thumb Code    80  crc16.o(.text)
    rs485_init                               0x08002f61   Thumb Code   206  servomotor.o(.text)
    USART2_IRQHandler                        0x0800302f   Thumb Code    50  servomotor.o(.text)
    ServoMotor_Init                          0x08003061   Thumb Code    48  servomotor.o(.text)
    RS485_Send_Data                          0x08003091   Thumb Code    94  servomotor.o(.text)
    RS485_Receive_Data                       0x080030ef   Thumb Code    68  servomotor.o(.text)
    Check_hhb                                0x08003133   Thumb Code   300  servomotor.o(.text)
    Encoder_Value                            0x0800325f   Thumb Code   254  servomotor.o(.text)
    Encoder_Angle                            0x0800335d   Thumb Code   140  servomotor.o(.text)
    ServoMotor_TurnAngle                     0x080033e9   Thumb Code   604  servomotor.o(.text)
    ServoMotor_Reset                         0x08003645   Thumb Code   114  servomotor.o(.text)
    ElectricPutter_Init                      0x080036c9   Thumb Code    82  electricputter.o(.text)
    CAT9555_ReadByte                         0x0800371b   Thumb Code   126  electricputter.o(.text)
    CAT9555_WriteByte                        0x08003799   Thumb Code   112  electricputter.o(.text)
    ElectricPutter_DDMove                    0x08003809   Thumb Code  1412  electricputter.o(.text)
    ElectricPutter_Move                      0x08003d8d   Thumb Code  1634  electricputter.o(.text)
    CleanArm_FirstPostion                    0x08004401   Thumb Code   708  cleanarm.o(.text)
    CleanArm_PathMove                        0x080046c5   Thumb Code  1564  cleanarm.o(.text)
    BodyDJMove_SameA                         0x08004ce1   Thumb Code   164  bodymove.o(.text)
    BodyDJMove_SameRA                        0x08004d85   Thumb Code   164  bodymove.o(.text)
    BodyDJMove_SameB                         0x08004e29   Thumb Code   164  bodymove.o(.text)
    BodyDJMove_SameC                         0x08004ecd   Thumb Code   104  bodymove.o(.text)
    BodyDJMove_SameD                         0x08004f35   Thumb Code   114  bodymove.o(.text)
    BodyDJMove_SameE                         0x08004fa7   Thumb Code   164  bodymove.o(.text)
    BodyDJMove_SameF                         0x0800504b   Thumb Code   174  bodymove.o(.text)
    ElectricPutter_MoveSame14                0x080050f9   Thumb Code   128  bodymove.o(.text)
    ElectricPutter_MoveSame7A                0x08005179   Thumb Code   134  bodymove.o(.text)
    ElectricPutter_MoveSame25                0x080051ff   Thumb Code   134  bodymove.o(.text)
    ElectricPutter_MoveSame8B                0x08005285   Thumb Code   152  bodymove.o(.text)
    ElectricPutter_MoveSame28                0x0800531d   Thumb Code   134  bodymove.o(.text)
    ElectricPutter_MoveSame5B                0x080053a3   Thumb Code   134  bodymove.o(.text)
    ElectricPutter_MoveSame45                0x08005429   Thumb Code   134  bodymove.o(.text)
    ElectricPutter_MoveSame78                0x080054af   Thumb Code   156  bodymove.o(.text)
    ElectricPutter_MoveSameAB                0x0800554b   Thumb Code   128  bodymove.o(.text)
    ElectricPutter_MoveSame12                0x080055cb   Thumb Code   128  bodymove.o(.text)
    ElectricPutter_MoveSame147A1             0x0800564b   Thumb Code   198  bodymove.o(.text)
    ElectricPutter_MoveSame147A2             0x08005711   Thumb Code   198  bodymove.o(.text)
    ElectricPutter_MoveSame147A3             0x080057d7   Thumb Code   312  bodymove.o(.text)
    ElectricPutter_MoveSame147A4             0x0800590f   Thumb Code   202  bodymove.o(.text)
    ElectricPutter_MoveSame258B1             0x080059d9   Thumb Code   204  bodymove.o(.text)
    ElectricPutter_MoveSame258B2             0x08005aa5   Thumb Code   204  bodymove.o(.text)
    ElectricPutter_MoveSame258B3             0x08005b71   Thumb Code   308  bodymove.o(.text)
    ElectricPutter_MoveSame258B4             0x08005ca5   Thumb Code   226  bodymove.o(.text)
    ElectricPutter_MoveSame369C              0x08005d87   Thumb Code   198  bodymove.o(.text)
    RHLegOriginal                            0x08005e4d   Thumb Code  1328  bodymove.o(.text)
    RHLegLocation                            0x0800637d   Thumb Code  1126  bodymove.o(.text)
    RHLegMove1                               0x080067e3   Thumb Code   410  bodymove.o(.text)
    RHLegMovetiaoshi                         0x0800697d   Thumb Code   214  bodymove.o(.text)
    RHLegMove2                               0x08006a53   Thumb Code   422  bodymove.o(.text)
    RHLegMove3                               0x08006bf9   Thumb Code   410  bodymove.o(.text)
    BodyLegMove1                             0x08006d93   Thumb Code   394  bodymove.o(.text)
    BodyLegMove2                             0x08006f1d   Thumb Code   402  bodymove.o(.text)
    BodyLegMove3                             0x080070af   Thumb Code   370  bodymove.o(.text)
    MNspi_Stop                               0x08007229   Thumb Code   136  mnspi.o(.text)
    MNspi_Reset                              0x080072b1   Thumb Code    12  mnspi.o(.text)
    MNspi_init                               0x080072bd   Thumb Code   290  mnspi.o(.text)
    MNspi_Start                              0x080073df   Thumb Code   136  mnspi.o(.text)
    MNspi_WriteByte                          0x08007467   Thumb Code    92  mnspi.o(.text)
    MNspi_ReadBits                           0x080074c3   Thumb Code    76  mnspi.o(.text)
    SPI_GetLXN                               0x0800750f   Thumb Code   148  mnspi.o(.text)
    usart_232_init                           0x080075cd   Thumb Code   182  usart_232.o(.text)
    RS232_Send_Data                          0x08007683   Thumb Code    68  usart_232.o(.text)
    FloatToByte                              0x080076c7   Thumb Code    26  usart_232.o(.text)
    Hex_To_Decimal                           0x080076e1   Thumb Code     6  usart_232.o(.text)
    bytetofloat                              0x080076e7   Thumb Code   116  usart_232.o(.text)
    RS232_Receive_Data                       0x0800775b   Thumb Code    68  usart_232.o(.text)
    BufStorage                               0x0800779f   Thumb Code  1436  usart_232.o(.text)
    USART1_IRQHandler                        0x08007d3b   Thumb Code    96  usart_232.o(.text)
    CleanArmPathPlan_functions               0x08007d9b   Thumb Code   162  usart_232.o(.text)
    CleanArm_Postion                         0x08007e3d   Thumb Code   656  usart_232.o(.text)
    SendDataToPC                             0x080080cd   Thumb Code   268  usart_232.o(.text)
    DD_functions                             0x080081d9   Thumb Code  1330  usart_232.o(.text)
    StraightWalk_function                    0x0800870b   Thumb Code  2496  usart_232.o(.text)
    TurnWalk_function                        0x080090cb   Thumb Code  5412  usart_232.o(.text)
    __aeabi_memcpy                           0x0800a605   Thumb Code    36  memcpya.o(.text)
    __aeabi_memcpy4                          0x0800a605   Thumb Code     0  memcpya.o(.text)
    __aeabi_memcpy8                          0x0800a605   Thumb Code     0  memcpya.o(.text)
    __aeabi_fadd                             0x0800a629   Thumb Code   164  fadd.o(.text)
    __aeabi_fsub                             0x0800a6cd   Thumb Code     6  fadd.o(.text)
    __aeabi_frsub                            0x0800a6d3   Thumb Code     6  fadd.o(.text)
    __aeabi_fmul                             0x0800a6d9   Thumb Code   108  fmul.o(.text)
    __aeabi_fdiv                             0x0800a745   Thumb Code   128  fdiv.o(.text)
    __aeabi_dadd                             0x0800a7c5   Thumb Code   318  dadd.o(.text)
    __aeabi_dsub                             0x0800a903   Thumb Code     6  dadd.o(.text)
    __aeabi_drsub                            0x0800a909   Thumb Code     6  dadd.o(.text)
    __aeabi_dmul                             0x0800a90f   Thumb Code   226  dmul.o(.text)
    __aeabi_ddiv                             0x0800a9f1   Thumb Code   222  ddiv.o(.text)
    __aeabi_i2f                              0x0800aacf   Thumb Code    18  fflti.o(.text)
    __aeabi_ui2f                             0x0800aae1   Thumb Code    10  ffltui.o(.text)
    __aeabi_l2f                              0x0800aaeb   Thumb Code    42  ffltl.o(.text)
    __aeabi_f2iz                             0x0800ab15   Thumb Code    50  ffixi.o(.text)
    __aeabi_f2uiz                            0x0800ab47   Thumb Code    40  ffixui.o(.text)
    __aeabi_f2d                              0x0800ab6f   Thumb Code    44  f2d.o(.text)
    __aeabi_d2f                              0x0800ab9b   Thumb Code    56  d2f.o(.text)
    __aeabi_cfcmpeq                          0x0800abd5   Thumb Code     0  cfcmple.o(.text)
    __aeabi_cfcmple                          0x0800abd5   Thumb Code    20  cfcmple.o(.text)
    __aeabi_cfrcmple                         0x0800abe9   Thumb Code    20  cfrcmple.o(.text)
    __aeabi_uidiv                            0x0800abfd   Thumb Code     0  uidiv.o(.text)
    __aeabi_uidivmod                         0x0800abfd   Thumb Code    44  uidiv.o(.text)
    __aeabi_uldivmod                         0x0800ac29   Thumb Code   102  uldiv.o(.text)
    __aeabi_llsl                             0x0800ac8f   Thumb Code    30  llshl.o(.text)
    _ll_shift_l                              0x0800ac8f   Thumb Code     0  llshl.o(.text)
    __aeabi_lasr                             0x0800acad   Thumb Code    36  llsshr.o(.text)
    _ll_sshift_r                             0x0800acad   Thumb Code     0  llsshr.o(.text)
    __I$use$fp                               0x0800acd1   Thumb Code     0  iusefp.o(.text)
    _float_round                             0x0800acd1   Thumb Code    18  fepilogue.o(.text)
    _float_epilogue                          0x0800ace3   Thumb Code    94  fepilogue.o(.text)
    _double_round                            0x0800ad41   Thumb Code    26  depilogue.o(.text)
    _double_epilogue                         0x0800ad5b   Thumb Code   168  depilogue.o(.text)
    __ARM_scalbn                             0x0800ae03   Thumb Code    46  dscalb.o(.text)
    scalbn                                   0x0800ae03   Thumb Code     0  dscalb.o(.text)
    _dsqrt                                   0x0800ae31   Thumb Code   160  dsqrt.o(.text)
    __aeabi_d2ulz                            0x0800aed1   Thumb Code    48  dfixul.o(.text)
    __aeabi_cdrcmple                         0x0800af01   Thumb Code    38  cdrcmple.o(.text)
    __scatterload                            0x0800af29   Thumb Code    28  init.o(.text)
    __scatterload_rt2                        0x0800af29   Thumb Code     0  init.o(.text)
    __aeabi_llsr                             0x0800af4d   Thumb Code    32  llushr.o(.text)
    _ll_ushift_r                             0x0800af4d   Thumb Code     0  llushr.o(.text)
    __aeabi_i2d                              0x0800af6d   Thumb Code    34  dflti.o(.text)
    __aeabi_ui2d                             0x0800af8f   Thumb Code    26  dfltui.o(.text)
    __aeabi_d2iz                             0x0800afa9   Thumb Code    62  dfixi.o(.text)
    __0printf                                0x0800afe9   Thumb Code    22  printfa.o(i.__0printf)
    __1printf                                0x0800afe9   Thumb Code     0  printfa.o(i.__0printf)
    __2printf                                0x0800afe9   Thumb Code     0  printfa.o(i.__0printf)
    __c89printf                              0x0800afe9   Thumb Code     0  printfa.o(i.__0printf)
    printf                                   0x0800afe9   Thumb Code     0  printfa.o(i.__0printf)
    __ARM_fpclassify                         0x0800b009   Thumb Code    40  fpclassify.o(i.__ARM_fpclassify)
    __ieee754_rem_pio2                       0x0800b031   Thumb Code   832  rred.o(i.__ieee754_rem_pio2)
    __kernel_cos                             0x0800b3b9   Thumb Code   230  cos_i.o(i.__kernel_cos)
    __kernel_poly                            0x0800b4b5   Thumb Code   170  poly.o(i.__kernel_poly)
    __kernel_sin                             0x0800b561   Thumb Code   226  sin_i.o(i.__kernel_sin)
    __mathlib_dbl_underflow                  0x0800b651   Thumb Code    10  dunder.o(i.__mathlib_dbl_underflow)
    __scatterload_copy                       0x0800b661   Thumb Code    14  handlers.o(i.__scatterload_copy)
    __scatterload_null                       0x0800b66f   Thumb Code     2  handlers.o(i.__scatterload_null)
    __scatterload_zeroinit                   0x0800b671   Thumb Code    14  handlers.o(i.__scatterload_zeroinit)
    __set_errno                              0x0800b681   Thumb Code     6  errno.o(i.__set_errno)
    acos                                     0x0800bf09   Thumb Code   584  acos.o(i.acos)
    asin                                     0x0800c18d   Thumb Code   586  asin.o(i.asin)
    atan                                     0x0800c40d   Thumb Code   480  atan.o(i.atan)
    cos                                      0x0800c631   Thumb Code   164  cos.o(i.cos)
    sin                                      0x0800c6dd   Thumb Code   166  sin.o(i.sin)
    sqrt                                     0x0800c78d   Thumb Code    74  sqrt.o(i.sqrt)
    Region$$Table$$Base                      0x0800cc30   Number         0  anon$$obj.o(Region$$Table)
    Region$$Table$$Limit                     0x0800cc50   Number         0  anon$$obj.o(Region$$Table)
    SystemCoreClock                          0x20000000   Data           4  system_stm32f10x.o(.data)
    AHBPrescTable                            0x20000004   Data          16  system_stm32f10x.o(.data)
    SCAflag1                                 0x20000028   Data           1  sca1000.o(.data)
    SCAflag2                                 0x20000029   Data           1  sca1000.o(.data)
    SCAflag3                                 0x2000002a   Data           1  sca1000.o(.data)
    realAX1                                  0x2000002c   Data           4  sca1000.o(.data)
    realAX2                                  0x20000030   Data           4  sca1000.o(.data)
    realAX3                                  0x20000034   Data           4  sca1000.o(.data)
    TIM5CH1_CAPTURE_STA                      0x20000038   Data           1  input.o(.data)
    TIM5CH1_CAPTURE_VAL                      0x2000003a   Data           2  input.o(.data)
    RS485_RX_CNT                             0x2000003c   Data           1  servomotor.o(.data)
    flagstart                                0x2000003d   Data           1  servomotor.o(.data)
    hhbflag                                  0x2000003e   Data           1  servomotor.o(.data)
    Angleflag                                0x20000040   Data           1  cleanarm.o(.data)
    CleanArm_a1                              0x20000044   Data           4  cleanarm.o(.data)
    CleanArm_a2                              0x20000048   Data           4  cleanarm.o(.data)
    CleanArm_a3                              0x2000004c   Data           4  cleanarm.o(.data)
    CleanArm_a4                              0x20000050   Data           4  cleanarm.o(.data)
    CleanArm_X                               0x20000054   Data           4  cleanarm.o(.data)
    CleanArm_Y                               0x20000058   Data           4  cleanarm.o(.data)
    CleanArm_Z                               0x2000005c   Data           4  cleanarm.o(.data)
    CleanArm_Len1                            0x20000060   Data           4  cleanarm.o(.data)
    CleanArm_Len2                            0x20000064   Data           4  cleanarm.o(.data)
    CleanArm_Len3                            0x20000068   Data           4  cleanarm.o(.data)
    RS232_RX_CNT                             0x2000006c   Data           1  usart_232.o(.data)
    CleanArmPathflag                         0x2000006d   Data           1  usart_232.o(.data)
    PointMoveflag                            0x2000006e   Data           1  usart_232.o(.data)
    StraightWalkFlag                         0x2000006f   Data           1  usart_232.o(.data)
    ForwordWalkFlag                          0x20000070   Data           1  usart_232.o(.data)
    BackwordWalkFlag                         0x20000071   Data           1  usart_232.o(.data)
    LTurnMoveFlag                            0x20000072   Data           1  usart_232.o(.data)
    RTurnMoveFlag                            0x20000073   Data           1  usart_232.o(.data)
    CleanArmPoints                           0x20000074   Data           2  usart_232.o(.data)
    FPointsNum                               0x20000080   Data           4  usart_232.o(.data)
    FRunCycle                                0x20000084   Data           4  usart_232.o(.data)
    BPointsNum                               0x20000088   Data           4  usart_232.o(.data)
    BRunCycle                                0x2000008c   Data           4  usart_232.o(.data)
    LTPointsNum                              0x20000090   Data           4  usart_232.o(.data)
    LTurnCycle                               0x20000094   Data           4  usart_232.o(.data)
    RTPointsNum                              0x20000098   Data           4  usart_232.o(.data)
    RTurnCycle                               0x2000009c   Data           4  usart_232.o(.data)
    LTRoundAngle                             0x200000a0   Data           4  usart_232.o(.data)
    RTRoundAngle                             0x200000a4   Data           4  usart_232.o(.data)
    LTCompenLen                              0x200000a8   Data           4  usart_232.o(.data)
    RTCompenLen                              0x200000ac   Data           4  usart_232.o(.data)
    __stdout                                 0x200000b0   Data           4  stdout.o(.data)
    RS485_RX_BUF                             0x200000b8   Data          64  servomotor.o(.bss)
    RS232_RX_BUF                             0x200000f8   Data          64  usart_232.o(.bss)
    FWalkAngle                               0x20000138   Data          16  usart_232.o(.bss)
    BWalkAngle                               0x20000148   Data          16  usart_232.o(.bss)
    LTWalkAngle                              0x20000158   Data          16  usart_232.o(.bss)
    RTWalkAngle                              0x20000168   Data          16  usart_232.o(.bss)
    CleanArmbuf                              0x20000178   Data        3200  usart_232.o(.bss)
    FWalkPoints                              0x20000df8   Data        3200  usart_232.o(.bss)
    BWalkPoints                              0x20001a78   Data        3200  usart_232.o(.bss)
    LTWalkPoints                             0x200026f8   Data        3200  usart_232.o(.bss)
    RTWalkPoints                             0x20003378   Data        3200  usart_232.o(.bss)
    __initial_sp                             0x200043f8   Data           0  startup_stm32f10x_hd.o(STACK)



==============================================================================

Memory Map of the image

  Image Entry point : 0x08000131

  Load Region LR_IROM1 (Base: 0x08000000, Size: 0x0000cd08, Max: 0x00080000, ABSOLUTE)

    Execution Region ER_IROM1 (Base: 0x08000000, Size: 0x0000cc50, Max: 0x00080000, ABSOLUTE)

    Base Addr    Size         Type   Attr      Idx    E Section Name        Object

    0x08000000   0x00000130   Data   RO          213    RESET               startup_stm32f10x_hd.o
    0x08000130   0x00000000   Code   RO          631  * .ARM.Collect$$$$00000000  mc_w.l(entry.o)
    0x08000130   0x00000004   Code   RO          949    .ARM.Collect$$$$00000001  mc_w.l(entry2.o)
    0x08000134   0x00000004   Code   RO          952    .ARM.Collect$$$$00000004  mc_w.l(entry5.o)
    0x08000138   0x00000008   Code   RO          953    .ARM.Collect$$$$00000007  mc_w.l(entry7.o)
    0x08000140   0x00000004   Code   RO          950    .ARM.Collect$$$$00002712  mc_w.l(entry2.o)
    0x08000144   0x00000038   Code   RO            1    .text               main.o
    0x0800017c   0x0000001a   Code   RO          142    .text               stm32f10x_it.o
    0x08000196   0x00000002   PAD
    0x08000198   0x000001c8   Code   RO          174    .text               system_stm32f10x.o
    0x08000360   0x00000024   Code   RO          214    .text               startup_stm32f10x_hd.o
    0x08000384   0x00000358   Code   RO          218    .text               stm32f10x_gpio.o
    0x080006dc   0x000003a4   Code   RO          230    .text               stm32f10x_rcc.o
    0x08000a80   0x000000f8   Code   RO          244    .text               misc.o
    0x08000b78   0x0000013c   Code   RO          256    .text               stm32f10x_exti.o
    0x08000cb4   0x00000dae   Code   RO          268    .text               stm32f10x_tim.o
    0x08001a62   0x00000002   PAD
    0x08001a64   0x00000310   Code   RO          280    .text               stm32f10x_spi.o
    0x08001d74   0x0000040c   Code   RO          292    .text               stm32f10x_usart.o
    0x08002180   0x0000006a   Code   RO          331    .text               systick.o
    0x080021ea   0x00000002   PAD
    0x080021ec   0x000000d8   Code   RO          346    .text               exti.o
    0x080022c4   0x0000007c   Code   RO          361    .text               time.o
    0x08002340   0x000000d4   Code   RO          376    .text               printf.o
    0x08002414   0x0000041c   Code   RO          391    .text               sca1000.o
    0x08002830   0x000004c0   Code   RO          409    .text               iic.o
    0x08002cf0   0x00000218   Code   RO          424    .text               input.o
    0x08002f08   0x00000058   Code   RO          442    .text               crc16.o
    0x08002f60   0x00000768   Code   RO          458    .text               servomotor.o
    0x080036c8   0x00000d38   Code   RO          477    .text               electricputter.o
    0x08004400   0x000008e0   Code   RO          510    .text               cleanarm.o
    0x08004ce0   0x00002548   Code   RO          528    .text               bodymove.o
    0x08007228   0x000003a4   Code   RO          543    .text               mnspi.o
    0x080075cc   0x00003038   Code   RO          558    .text               usart_232.o
    0x0800a604   0x00000024   Code   RO          634    .text               mc_w.l(memcpya.o)
    0x0800a628   0x000000b0   Code   RO          899    .text               mf_w.l(fadd.o)
    0x0800a6d8   0x0000006c   Code   RO          901    .text               mf_w.l(fmul.o)
    0x0800a744   0x00000080   Code   RO          903    .text               mf_w.l(fdiv.o)
    0x0800a7c4   0x0000014a   Code   RO          905    .text               mf_w.l(dadd.o)
    0x0800a90e   0x000000e2   Code   RO          907    .text               mf_w.l(dmul.o)
    0x0800a9f0   0x000000de   Code   RO          909    .text               mf_w.l(ddiv.o)
    0x0800aace   0x00000012   Code   RO          911    .text               mf_w.l(fflti.o)
    0x0800aae0   0x0000000a   Code   RO          913    .text               mf_w.l(ffltui.o)
    0x0800aaea   0x0000002a   Code   RO          915    .text               mf_w.l(ffltl.o)
    0x0800ab14   0x00000032   Code   RO          917    .text               mf_w.l(ffixi.o)
    0x0800ab46   0x00000028   Code   RO          919    .text               mf_w.l(ffixui.o)
    0x0800ab6e   0x0000002c   Code   RO          921    .text               mf_w.l(f2d.o)
    0x0800ab9a   0x00000038   Code   RO          923    .text               mf_w.l(d2f.o)
    0x0800abd2   0x00000002   PAD
    0x0800abd4   0x00000014   Code   RO          925    .text               mf_w.l(cfcmple.o)
    0x0800abe8   0x00000014   Code   RO          927    .text               mf_w.l(cfrcmple.o)
    0x0800abfc   0x0000002c   Code   RO          955    .text               mc_w.l(uidiv.o)
    0x0800ac28   0x00000066   Code   RO          957    .text               mc_w.l(uldiv.o)
    0x0800ac8e   0x0000001e   Code   RO          959    .text               mc_w.l(llshl.o)
    0x0800acac   0x00000024   Code   RO          961    .text               mc_w.l(llsshr.o)
    0x0800acd0   0x00000000   Code   RO          970    .text               mc_w.l(iusefp.o)
    0x0800acd0   0x00000070   Code   RO          971    .text               mf_w.l(fepilogue.o)
    0x0800ad40   0x000000c2   Code   RO          973    .text               mf_w.l(depilogue.o)
    0x0800ae02   0x0000002e   Code   RO          975    .text               mf_w.l(dscalb.o)
    0x0800ae30   0x000000a0   Code   RO          977    .text               mf_w.l(dsqrt.o)
    0x0800aed0   0x00000030   Code   RO          979    .text               mf_w.l(dfixul.o)
    0x0800af00   0x00000028   Code   RO          983    .text               mf_w.l(cdrcmple.o)
    0x0800af28   0x00000024   Code   RO          985    .text               mc_w.l(init.o)
    0x0800af4c   0x00000020   Code   RO          987    .text               mc_w.l(llushr.o)
    0x0800af6c   0x00000022   Code   RO          989    .text               mf_w.l(dflti.o)
    0x0800af8e   0x0000001a   Code   RO          991    .text               mf_w.l(dfltui.o)
    0x0800afa8   0x0000003e   Code   RO          993    .text               mf_w.l(dfixi.o)
    0x0800afe6   0x00000002   PAD
    0x0800afe8   0x00000020   Code   RO          871    i.__0printf         mc_w.l(printfa.o)
    0x0800b008   0x00000028   Code   RO          934    i.__ARM_fpclassify  m_ws.l(fpclassify.o)
    0x0800b030   0x00000388   Code   RO          938    i.__ieee754_rem_pio2  m_ws.l(rred.o)
    0x0800b3b8   0x000000fc   Code   RO          929    i.__kernel_cos      m_ws.l(cos_i.o)
    0x0800b4b4   0x000000aa   Code   RO          936    i.__kernel_poly     m_ws.l(poly.o)
    0x0800b55e   0x00000002   PAD
    0x0800b560   0x000000f0   Code   RO          943    i.__kernel_sin      m_ws.l(sin_i.o)
    0x0800b650   0x00000010   Code   RO          932    i.__mathlib_dbl_underflow  m_ws.l(dunder.o)
    0x0800b660   0x0000000e   Code   RO          997    i.__scatterload_copy  mc_w.l(handlers.o)
    0x0800b66e   0x00000002   Code   RO          998    i.__scatterload_null  mc_w.l(handlers.o)
    0x0800b670   0x0000000e   Code   RO          999    i.__scatterload_zeroinit  mc_w.l(handlers.o)
    0x0800b67e   0x00000002   PAD
    0x0800b680   0x0000000c   Code   RO          965    i.__set_errno       mc_w.l(errno.o)
    0x0800b68c   0x00000154   Code   RO          878    i._fp_digits        mc_w.l(printfa.o)
    0x0800b7e0   0x000006d4   Code   RO          879    i._printf_core      mc_w.l(printfa.o)
    0x0800beb4   0x00000026   Code   RO          880    i._printf_post_padding  mc_w.l(printfa.o)
    0x0800beda   0x0000002e   Code   RO          881    i._printf_pre_padding  mc_w.l(printfa.o)
    0x0800bf08   0x00000284   Code   RO          578    i.acos              m_ws.l(acos.o)
    0x0800c18c   0x00000280   Code   RO          588    i.asin              m_ws.l(asin.o)
    0x0800c40c   0x00000224   Code   RO          598    i.atan              m_ws.l(atan.o)
    0x0800c630   0x000000ac   Code   RO          608    i.cos               m_ws.l(cos.o)
    0x0800c6dc   0x000000b0   Code   RO          616    i.sin               m_ws.l(sin.o)
    0x0800c78c   0x0000004a   Code   RO          624    i.sqrt              m_ws.l(sqrt.o)
    0x0800c7d6   0x00000002   PAD
    0x0800c7d8   0x00000200   Data   RO          443    .constdata          crc16.o
    0x0800c9d8   0x00000050   Data   RO          579    .constdata          m_ws.l(acos.o)
    0x0800ca28   0x00000050   Data   RO          589    .constdata          m_ws.l(asin.o)
    0x0800ca78   0x00000098   Data   RO          599    .constdata          m_ws.l(atan.o)
    0x0800cb10   0x00000030   Data   RO          930    .constdata          m_ws.l(cos_i.o)
    0x0800cb40   0x000000c8   Data   RO          940    .constdata          m_ws.l(rred.o)
    0x0800cc08   0x00000028   Data   RO          944    .constdata          m_ws.l(sin_i.o)
    0x0800cc30   0x00000020   Data   RO          995    Region$$Table       anon$$obj.o


    Execution Region RW_IRAM1 (Base: 0x20000000, Size: 0x000043f8, Max: 0x00010000, ABSOLUTE)

    Base Addr    Size         Type   Attr      Idx    E Section Name        Object

    0x20000000   0x00000014   Data   RW          175    .data               system_stm32f10x.o
    0x20000014   0x00000014   Data   RW          231    .data               stm32f10x_rcc.o
    0x20000028   0x00000010   Data   RW          392    .data               sca1000.o
    0x20000038   0x00000004   Data   RW          425    .data               input.o
    0x2000003c   0x00000003   Data   RW          460    .data               servomotor.o
    0x2000003f   0x00000001   PAD
    0x20000040   0x0000002c   Data   RW          511    .data               cleanarm.o
    0x2000006c   0x00000044   Data   RW          560    .data               usart_232.o
    0x200000b0   0x00000004   Data   RW          954    .data               mc_w.l(stdout.o)
    0x200000b4   0x00000004   Data   RW          966    .data               mc_w.l(errno.o)
    0x200000b8   0x00000040   Zero   RW          459    .bss                servomotor.o
    0x200000f8   0x00003f00   Zero   RW          559    .bss                usart_232.o
    0x20003ff8   0x00000400   Zero   RW          211    STACK               startup_stm32f10x_hd.o


==============================================================================

Image component sizes


      Code (inc. data)   RO Data    RW Data    ZI Data      Debug   Object Name

      9544        288          0          0          0      14367   bodymove.o
      2272        224          0         44          0       1853   cleanarm.o
         0          0          0          0          0         32   core_cm3.o
        88          8        512          0          0       1016   crc16.o
      3384        102          0          0          0       4223   electricputter.o
       216         10          0          0          0        741   exti.o
      1216         10          0          0          0       3976   iic.o
       536         24          0          4          0       1549   input.o
        56          4          0          0          0     263551   main.o
       248         30          0          0          0       1849   misc.o
       932         62          0          0          0       2114   mnspi.o
       212         10          0          0          0        864   printf.o
      1052         62          0         16          0       2088   sca1000.o
      1896         90          0          3         64       4860   servomotor.o
        36          8        304          0       1024        864   startup_stm32f10x_hd.o
       316         28          0          0          0       2299   stm32f10x_exti.o
       856         40          0          0          0       5773   stm32f10x_gpio.o
        26          0          0          0          0       1182   stm32f10x_it.o
       932         52          0         20          0       8940   stm32f10x_rcc.o
       784         12          0          0          0       6678   stm32f10x_spi.o
      3502         86          0          0          0      22944   stm32f10x_tim.o
      1036         20          0          0          0       8520   stm32f10x_usart.o
       456         36          0         20          0       1955   system_stm32f10x.o
       106          0          0          0          0        676   systick.o
       124          4          0          0          0        660   time.o
     12344        594          0         68      16128      12208   usart_232.o

    ----------------------------------------------------------------------
     42176       1804        848        176      17216     375782   Object Totals
         0          0         32          0          0          0   (incl. Generated)
         6          0          0          1          0          2   (incl. Padding)

    ----------------------------------------------------------------------

      Code (inc. data)   RO Data    RW Data    ZI Data      Debug   Library Member Name

       644         60         80          0          0        196   acos.o
       640         54         80          0          0        176   asin.o
       548         68        152          0          0        128   atan.o
       172          8          0          0          0        116   cos.o
       252         22         48          0          0        128   cos_i.o
        16          6          0          0          0         68   dunder.o
        40          0          0          0          0         68   fpclassify.o
       170          0          0          0          0         96   poly.o
       904         72        200          0          0        140   rred.o
       176         10          0          0          0        120   sin.o
       240         14         40          0          0        132   sin_i.o
        74          0          0          0          0         84   sqrt.o
         0          0          0          0          0          0   entry.o
         8          4          0          0          0          0   entry2.o
         4          0          0          0          0          0   entry5.o
         8          4          0          0          0          0   entry7.o
        12          6          0          4          0         68   errno.o
        30          0          0          0          0          0   handlers.o
        36          8          0          0          0         68   init.o
         0          0          0          0          0          0   iusefp.o
        30          0          0          0          0         68   llshl.o
        36          0          0          0          0         68   llsshr.o
        32          0          0          0          0         68   llushr.o
        36          0          0          0          0         68   memcpya.o
      2204         92          0          0          0        460   printfa.o
         0          0          0          4          0          0   stdout.o
        44          0          0          0          0         80   uidiv.o
       102          0          0          0          0         92   uldiv.o
        40          2          0          0          0         68   cdrcmple.o
        20          0          0          0          0         68   cfcmple.o
        20          0          0          0          0         68   cfrcmple.o
        56          0          0          0          0         88   d2f.o
       330          0          0          0          0        148   dadd.o
       222          0          0          0          0        100   ddiv.o
       194          0          0          0          0        184   depilogue.o
        62          0          0          0          0         80   dfixi.o
        48          0          0          0          0         68   dfixul.o
        34          0          0          0          0         76   dflti.o
        26          0          0          0          0         76   dfltui.o
       226          0          0          0          0         96   dmul.o
        46          0          0          0          0         80   dscalb.o
       160          0          0          0          0        100   dsqrt.o
        44          0          0          0          0         68   f2d.o
       176          0          0          0          0        140   fadd.o
       128          0          0          0          0         88   fdiv.o
       112          0          0          0          0        168   fepilogue.o
        50          0          0          0          0         68   ffixi.o
        40          0          0          0          0         68   ffixui.o
        18          0          0          0          0         68   fflti.o
        42          0          0          0          0         84   ffltl.o
        10          0          0          0          0         68   ffltui.o
       108          0          0          0          0         76   fmul.o

    ----------------------------------------------------------------------
      8680        430        600          8          0       4688   Library Totals
        10          0          0          0          0          0   (incl. Padding)

    ----------------------------------------------------------------------

      Code (inc. data)   RO Data    RW Data    ZI Data      Debug   Library Name

      3876        314        600          0          0       1452   m_ws.l
      2582        114          0          8          0       1040   mc_w.l
      2212          2          0          0          0       2196   mf_w.l

    ----------------------------------------------------------------------
      8680        430        600          8          0       4688   Library Totals

    ----------------------------------------------------------------------

==============================================================================


      Code (inc. data)   RO Data    RW Data    ZI Data      Debug   

     50856       2234       1448        184      17216     376208   Grand Totals
     50856       2234       1448        184      17216     376208   ELF Image Totals
     50856       2234       1448        184          0          0   ROM Totals

==============================================================================

    Total RO  Size (Code + RO Data)                52304 (  51.08kB)
    Total RW  Size (RW Data + ZI Data)             17400 (  16.99kB)
    Total ROM Size (Code + RO Data + RW Data)      52488 (  51.26kB)

==============================================================================

